/*C6*/SET SCHEMA PUBLIC
INSERT INTO ALUNOS VALUES(9,'joana','ads','1222-08-25')
COMMIT
/*C5*/SET SCHEMA PUBLIC
DISCONNECT
/*C7*/SET SCHEMA PUBLIC
INSERT INTO ALUNOS VALUES(10,'mariah','cc','2021-05-15')
COMMIT
/*C8*/SET SCHEMA PUBLIC
INSERT INTO ALUNOS VALUES(156,'Bruno','GTI','2014-12-16')
COMMIT
/*C7*/DISCONNECT
/*C8*/DISCONNECT
/*C6*/DISCONNECT
/*C9*/SET SCHEMA PUBLIC
INSERT INTO ALUNOS VALUES(1548,'jojoba','gastro','2004-05-15')
COMMIT
DISCONNECT
